
Each chunk is: 42949672960
Time is: 25.956500 secs