
Each chunk is: 42949672960
Time is: 91.818171 secs