
Each chunk is: 42949672960
Time is: 32.756078 secs