
Each chunk is: 42949672960
Time is: 91.925325 secs