
Each chunk is: 42949672960
Time is: 28.890822 secs