
Each chunk is: 42949672960
Time is: 39.117507 secs