
Each chunk is: 42949672960
Time is: 63.031395 secs