
Each chunk is: 42949672960
Time is: 47.608367 secs