
Each chunk is: 42949672960
Time is: 183.923090 secs
Each chunk is: 42949672960
Time is: 366.444599 secs