
Each chunk is: 42949672960
Time is: 6.517803 secs